# serializer version: 1
# name: test_inline_deps
  '''
  <!DOCTYPE html>
  <html>
    <head>
      <meta charset="utf-8"/>
      <script type="application/html-dependencies">a[1.1]</script>
      <script src="a-1.1/a1.js"></script>
    </head>
    <body>
      <div>foo</div>
      bar
    </body>
  </html>
  
  <!DOCTYPE html>
  <html>
    <head>
      <meta charset="utf-8"/>
      <script type="application/html-dependencies">a[1.2]</script>
      <script src="a-1.2/a2.js"></script>
    </head>
    <body>
      <div>foo</div>
      bar
    </body>
  </html>
  
  <!DOCTYPE html>
  <html>
    <head>
      <meta charset="utf-8"/>
      <script type="application/html-dependencies">a[1.1]</script>
      <script src="a-1.1/a1.js"></script>
    </head>
    <body>
      <div>
        <div>foo</div>
        bar
      </div>
    </body>
  </html>
  
  <!DOCTYPE html>
  <html>
    <head>
      <meta charset="utf-8"/>
      <script type="application/html-dependencies">a[1.1]</script>
      <script src="a-1.1/a1.js"></script>
    </head>
    <body>
      <div>foo</div>
      bar
    </body>
  </html>
  
  <!DOCTYPE html>
  <html>
    <head>
      <meta charset="utf-8"/>
      <script type="application/html-dependencies">a[1.1]</script>
      <script src="a-1.1/a1.js"></script>
    </head>
    <body>
      <div>
        <div>foo</div>
        bar
      </div>
    </body>
  </html>
  '''
# ---
